 
 
 
 
					  Утверждаю 
 
				    главный  инженер  ОКБ 
				    _________ Ю.В.Майоров 
				    "___" ________ 1986г. 
 
 
 
 
 
			   Блок КЛС 
 
		     техническое описание 
 
			      13
 
			    листов 
 
 
 
 
 
 
 
 
 
 
 
				     начальник отделения 2 
				     ________ С.М.Косенков 
				     "___" ________ 1986г. 
 
				     Начальник	   сектора 
				     _______ З.А.Счепицкий 
				     "___" ________ 1986г. 
 
				     Инженер 
				     _________ В.А.Никулин 
				     "___" ________ 1986г. 
 
				     Нормоконтроль 
				     _____________ Е.С.Кац 
				     "___" _________ 1986г. 
 
 
 
 
 
 
	Первичное применение		      литера о 
	    2.165.002 
 
 
			     1986 
 
 
 
 
 
 
			    - 2 - 
 
			   Блок КЛС 
 
	    1. Введение. 
 
 
   Настоящее техническое описание (ТО) предназначено для озна- 
комления с устройством и работой блока	контроллера  локальной 
сети (КЛС). 
 
 
   При изучении настоящего то  следует	дополнительно  пользо- 
ваться следующими документами: 
 
   - 4.883.020	ЭЗ  плата  КЛС.  Схема	электрическая  принци- 
     пиальная; 
 
   - 4.883.020 СБ плата КЛС. Сборочный чертеж. 
 
 
 
	    2. Назначение. 
 
 
   Блок КЛС предназначен для  обеспечения  обмена  информацией 
между персональной эвм "электроника БК0011" (ПЭВМ) в кольцевой 
локальной вычислительной сети. 
 
 
 
 
 
 
 
 
 
 
 
 
 
 
 
 
 
 
 
 
 
 
 
 
 
 
 
 
 
 
			    - 3 - 
 
			   Блок КЛС 
 
	    3. Основные технические характеристики. 
 
 
   Блок КЛС обеспечивает по последовательному каналу: 
 
   - скорость обмена 57600 бод; 
 
   - прием и выдачу посылки в формате 8 информационных бит; 
 
   - формирование и контроль бита паритета. 
 
 
   Тип линии связи - токовая петля. 
 
 
   Блок КЛС обеспечивает: 
 
   - считывание сетевого адреса, установленного с помощью  пе- 
     реключателя; 
 
   - программно-управляемое отключение станции из сети; 
 
   - поддержание целостности кольца при механическом или элек- 
     трическом отключении сетевой станции с помощью электроме- 
     ханического шунта, обеспечивающего  шунтирование  нерабо- 
     тающей станции. 
 
 
   Амплитуда тока в линии связи - 60 ма. 
 
 
 
 
 
 
 
 
 
 
 
 
 
 
 
 
 
 
 
 
 
 
 
			    - 4 - 
 
			   Блок КЛС 
 
	    4. Устройство и работа блока КЛС. 
 
 
   Блок КЛС выполнен в виде функционально законченного модуля, 
подключаемого к раз'ему межмодульного параллельного интерфейса 
(МПИ). Все элементы блока смонтированы на одной печатной  пла- 
те. 
 
   Структурная схема блока КЛС приведена на рис.1. 
 
 
   Микросхема К1801ВП1-065  предназначена  для	преобразования 
параллельной информации в последовательную и наоборот, обеспе- 
чивает по последовательным входу и выходу требования интерфей- 
са для радиального подключения	устройств  с  последовательной 
передачей информации (ИРПС). 
 
 
   Схема формирования сигнала "выбор устройства" (ВУ) предназ- 
начена для формирования сигнала низкого уровня при  выдачи  из 
ПЭВМ адреса в диапазоне 160000 - 177776. Выполнена на  элемен- 
тах D11.4, D11.5, D11.6, D4.3 (см. Схему электрическую принци- 
пиальную). 
 
 
 
 
 
 
 
 
 
 
 
 
 
 
 
 
 
 
 
 
 
 
 
 
 
 
 
 
 
 
 
			    - 5 - 
 
			   Блок КЛС 
 
		 структурная схема блока КЛС. 
 
	    ----------- 
	    !	      ! 
	    !	      !       --------	     -------- 
 /--------\ !	      !       !      !	     ! 10   !-----> 
/    13    \!	 1    !------>!   6  !-----> -------- 
\	   /!	      !<------!      !<----- --------  11 
 \  ------/ !	      !       !      !	     !	9   !<----- 
 !  !	    !	      !       --------	     -------- 
 !  !	    !	      ! 	  ! 
 !  !  ---- ----------- 	  ! 
 !  -\ !2 !--! ! ! ! !		  ! 
 !  -/ !  !    ! ! ! !	     ----------- 
 !  !  ----    ! ! ! !	     !	       !       12 
 !  !  ----    ! ! ! !-------!	  8    !-------------------> 
 !  !  !3 !----! ! !	     !	       ! 
 !  !  !  !	 ! !	     ----------- 
 !  !  ----	 ! !  -----------  ! 
 !  !  ----	 ! !  ! 	!  ! 
 !  !  !4 !------+-!--!    7	!--- 
 !  !  !  !	   !  ! 	! 
 !  !  ----	   !  ----------- 
 !  !  ----	   ! 
 !  ---!5 !<-------! 
 !-----!  ! 
       ---- 
 1.бис асинхронного приемо-передатчика К1801ВП1-065. 
 
 2.схема формирования сигнала "выбор устройства". 
 
 3.схема задания режима работы блока. 
 
 4.задающий генератор. 
 
 5.схема формирования сетевого адреса. 
 
 6.электронный шунт. 
 
 7.таймер. 
 
 8.схема управления коммутацией. 
 
 9.входной узел приемника. 
 
10.выходной узел передатчика. 
 
11.информационные линии связи. 
 
12.линия управления электро-механическим шунтом. 
 
13.МПИ. 
			 Рис.1. 
 
 
 
 
 
 
 
			    - 6 - 
 
			   Блок КЛС 
 
   Схема задания режима работы блока предназначена для задания 
следующего режима работы микросхемы К1801ВП1-065: 
   а) адреса регистров и векторов прерываний, задаваемые с по- 
мощью перемычек 31-32, 33-34, соответствуют таблице 2. 
   Б) формат посылок по последовательному  каналу,  задаваемый 
перемычками 35-36, 37-38, 39-40, соответствует	рис.2.	причем 
перемычка 37-38 задает количество информационных бит в	посыл- 
ке, равное 8, а перемычки 35-36, 39-40	определяют  наличие  и 
контроль бита нечетности в посылке. 
   В) скорость обмена по последовательному каналу,  задаваемая 
перемычками 41-42, 43-44, 45-46, равна 57600 бод. 
 
			Формат посылки 
-      -----------------------------------------      - 
! Стоп !   ! 1 ! 2 ! 3 ! 4 ! 5 ! 6 ! 7 ! 8 !   ! Стоп ! 
-------- ! -------------------------------------------- 
	 !				     ! 
       Старт			       бит паритета 
 
			  рис.2. 
 
 
   Задающий генератор предназначен для формирования высокоста- 
бильного синхросигнала частотой 4608 кгц. Стабильность частоты 
синхросигнала определяет стабильность скорости обмена по  пос- 
ледовательному каналу. Выполнен  на  элементах	D11.1,	D11.2, 
D11.3. 
 
 
   Схема формирования сетевого адреса предназначена для  зада- 
ния сетевого адреса в диапазоне 0-255, в разрядах 8-11, 13, 14 
по адресам 176560-176566. Выполнен  на	наборе	переключателей 
SA1, наборе резисторов е2.1  и	микросхемах  D2,  D3.1,  D3.2, 
D5.3. 
 
 
   Электронный шунт предназначен  для  сохранения  целостности 
кольцевой ЛВС посредством электронного замыкания входного узла 
приемника с выходным узлом передатчика при программном	отклю- 
чении станции от ЛВС. Выполнен на элементах D7.4, D7.3. 
 
 
   Таймер предназначен для подсчета времени  прошедшего  после 
последнего обращения ПЭВМ к регистрам приемника  блока	КЛС  в 
случае, когда электронный шунт разомкнут и отсутствует	сигнал 
"ОСТ". Когда это время превышает 2,5с в схему управления  ком- 
мутацией выдается соответствующий сигнал. Выполнен на  элемен- 
тах D8, D3.5, D4.1, D5.1, D5.2. 
 
 
 
			    - 7 - 
 
			   Блок КЛС 
 
   Схема управления коммутацией предназначена для: 
   а) формирования сигнала  управления	электронным  шунтом  в 
случае обращения по адресу 176560 по  записи.  Запись  во  2-й 
разряд лог. 1 Замыкает электронный шунт. Запись  лог.0	размы- 
кает электронный шунт и подключает последовательный выход мик- 
росхемы К1801ВП1-065 к выходному узлу передатчика. Б) формиро- 
вания сигнала управления электромеханическим шунтом при  появ- 
лении соответствующего сигнала от таймера. Выполнена  на  эле- 
ментах D5.4, D6, D3.3, D3.4 D4.2 и транзисторе VT1. 
 
 
   Входной узел приемника предназначен для преобразования  им- 
пульсов токов в линии связи в потенциальный сигнал, подаваемый 
на последовательный вход микросхемы К1801ВП1-065 и электронный 
шунт, а также для осуществления гальванической развязки  блока 
КЛС от линии связи. Выполнен на элементах  D7.1,  D7.2,  тран- 
сформаторе TV1. 
 
 
   Выходной узел передатчика предназначен  для	преобразования 
потенциального последовательного сигнала в импульсы тока  дли- 
тельностью = 650+20 нс в линии связи, а также для  организации 
гальванической развязки блока КЛС от линии связи. Выполнен  на 
элементах D9, D10, трансформаторе TV2. 
 
 
   Связь блока КЛС с ПЭВМ осуществляется через	раз'ем	межмо- 
дульного параллельного интерфейса (МПИ) ХТ1, номера  контактов 
которого и соответствующие им обозначения сигналов приведены в 
таблице 1. 
   Интерфейс связи соответствует ОСТ 11.305.903-80. 
 
 
   Блок КЛС содержит 4 системных регистра и 2 источника  адре- 
сов векторов прерываний 
   адреса регистров и векторов прерываний приведены в  таблице 
2. 
 
 
   Регистр состояния приемника (РСПР) имеет следующий формат: 
 
 
 15	      12		  7   6 	   2	 0 
------------------------------------------------------------ 
! Х ! Х ! Х ! Х ! Х ! Х ! Х ! Х ! Х ! Х !  !  !  ! Х !	!  ! 
------------------------------------------------------------ 
   0, 1, 3-5, разряды - не используются, читаются как лог."0". 
 
2Р - разряд управления электронным шунтом. Доступен по записи. 
			    - 8 - 
 
			   Блок КЛС 
 
Читается всегда как лог."0". Запись лог."0" в этот разряд  оп- 
ределяет режим выдачи посылок от ПЭВМ. 
 
Запись лог."1" в этот  разряд  определяет  режим  ретрансляции 
принимаемых из линии посылок. 
 
   6Р - разрешение работы приемника по прерыванию. Если 6р ус- 
тановлен в "1", то прерывание разрешено, если в "0", -	запре- 
щено. Доступен по записи и чтению. Сбрасывается в "0" по  сиг- 
налу "СБРОС". 
 
   7 - Флаг состояния  приемника.  Устанавливается  в  "1"  по 
окончании прихода посылки из линии в буферный регистр приемни- 
ка. 
Сбрасывается в "0" по окончании чтения	посылки  из  буферного 
регистра приемника или по сигналу "СБРОС". Доступен по чтению. 
 
 
 
 
 
 
 
 
 
 
 
 
 
 
 
 
 
 
 
 
 
 
 
 
 
 
 
 
 
 
 
 
 
 
 
 
 
 
 
 
 
 
 
 
			    - 9 - 
 
			   Блок КЛС 
 
				     таблица 1 
------------------------------------------------- 
! Номер контакта ХТ1 !	 Наименование сигнала	! 
!-----------------------------------------------! 
!	 А 31	     !	    АД 00 н		! 
!	 В 31	     !	    АД 01 н		! 
!	 В 29	     !	    АД 02 н		! 
!	 В 30	     !	    АД 03 н		! 
!	 В 28	     !	    АД 04 н		! 
!	 А 28	     !	    АД 05 н		! 
!	 В 27	     !	    АД 06 н		! 
!	 В 32	     !	    АД 07 н		! 
!	 В 26	     !	    АД 08 н		! 
!	 А 27	     !	    АД 09 н		! 
!	 В 25	     !	    АД 10 н		! 
!	 А 26	     !	    АД 11 н		! 
!	 В 24	     !	    АД 12 н		! 
!	 А 25	     !	    АД 13 н		! 
!	 В 23	     !	    АД 14 н		! 
!	 В 7	     !	    АД 15 н		! 
!	 В 22	     !	    СИА Н		! 
!	 В 20	     !	    СИП Н		! 
!	 А 24	     !	    ППР 2 Н		! 
!	 В 5	     !	    ТПР Н		! 
!	 А 5	     !	    ПРТ Н		! 
!	 В 19	     !	    СБРОС Н		! 
!	 В 21	     !	    ВЫВОД Н		! 
!	 А 23	     !	    ВВОД Н		! 
!	 А 1	     !	    ОСТ Н		! 
!	 А 29	     !	      Е 		! 
!  А 4, А 12, В 12   !	     +5В		! 
! А 2, А 3, В 2, В 3 !	     ОБЩИЙ		! 
-------------RFEJSA (mpi) ht1, NOMERA  KONTAKTOW 
KOTOROGO I SOOTWETSTWU@]IE IM OBOZNA^ENIQ SIGNALOW PRIWEDENY W 
TABLICE 1. 
   iNTERFEJS SWQZI SOOTWETSTWUET ost 11.305.903-80. 
 
 
   bLOK kls SODERVIT 4 SISTEMNYH REGISTRA I 2 ISTO^NIKA  ADRE- 
SOW WEKTOROW PRERYWANIJ 
   ADRESA REGISTROW I WEKTOROW PRERYWANIJ PRIWEDENY W  TABLICE 
2. 
 
 
   Регистр состояния приемника (РСПР) имеет следующий формат: 
 
 
 15	      12		  7   6 	   2	 0 
------------------------------------------------------------ 
! Х ! Х ! Х ! Х ! Х ! Х ! Х ! Х ! Х ! Х !  !  !  ! Х !	!  ! 
------------------------------------------------------------ 
   0, 1, 3-5, разряды - не используются, читаются как лог."0". 
 
2Р - разряд управления электронным шунтом. Доступен по записи. 
			    - 8 - 
 
			   Блок КЛС 
 
Читается всегда как лог."0". Запись лог."0" в этот разряд  оп- 
ределяет режим выдачи посылок от ПЭВМ. 
 
Запись лог."1" в этот  разряд  определяет  режим  ретрансляции 
принимаемых из линии посылок. 
 Устанавливается в  "1",  если  в 
сдвиговый регистр приемника поступило более одной посылки  без 
чтения из буферного регистра приемника первой поступившей  по- 
сылки. 
   При этом независимо от числа поступивших в канал  приемника 
посылок в буферном регистре сохраняется первая посылка.  Нахо- 
дится в "0", если поступившая в буферный регистр  посылка  чи- 
тается до окончания поступления в сдвиговый регистр последнего 
информационного бита следующей посылки. Сбрасывается в "0"  по 
окончании чтения буферного регистра приемника или  по  сигналу 
"СБРОС Н". Доступен по чтению. 
 
   15Р - ошибка в принятой посылке. Устанавливается в "1", ес- 
ли есть ошибка паритета в принятой посылке. В противном случае 
находится в "0". Признак ошибки сбрасывается в "0"  с  момента 
чтения содержимого буферного регистра приемника или по сигналу 
"СБРОС". Доступен по чтению. 
 
 
   Буферный регистр приемника (БРПР) имеет следующий формат: 
 
 
 15  14 13  12	11	 8   7			  0 
----------------------------------------------------- 
!  ! Х	 х !  ! Х  х  х  х ! Х	х  х  х  х  х  х  х ! 
----------------------------------------------------- 
 
   0-7Р по чтению - содержит посылку принятую с  линии.  В  0р 
находится первый бит посылки, в 7р - восьмой. 
 
   8-11, 13, 14р - содержат системный адрес (см. РСПР). 
 
   12, 15р - не используются, читаются как лог."0". 
 
 
   Регистр состояния передатчика (РСПЕР). 
 
 
 15  14 13    11	8   7	6	      2      0 
-------------------------------------------------------- 
!  ! Х	х !  ! Х  х  х	х ! Х ! Х !	    ! Х !  ! Х ! 
-------------------------------------------------------- 
 
   0Р - разрыв линии. Если 0 разряд установлен в  "1",	то  на 
выходе контроллера формируется состояние "СТАРТ". Доступен  по 
записи и чтению. Сбрасывается в "0" по сигналу "СБРОС". 
 
   2Р - проверка работы. Если 2р установлен в "1", то выдавае- 
			    - 11 - 
 
			   Блок КЛС 
 
мая в линию посылка поступает  также  и  на  канал  приемника. 
Сбрасывается в "0" по сигналу "СБРОС". Доступен  по  записи  и 
чтению. 
 
   6Р - разрешение работы передатчика по прерыванию.  Если  6р 
установлен в "1", то прерывание разрешено, если в "0" - запре- 
щено. Доступен по записи и чтению. Сбрасывается в "0" по  сиг- 
налу "СБРОС". 
 
   7Р - флаг состояния передатчика. Устанавливается  в	"1"  в 
момент выдачи посылки на линию или по сигналу  "ОСТ".  Сбрасы- 
вается в "0" по записи информации в буферный регистр  передат- 
чика. 7Р в "1" свидетельствует о том, что буферный регистр пе- 
редатчика пустой. Если запись информации  в  буферный  регистр 
передатчика произошла во время выдачи  посылки,  то  следующая 
посылка начинается сразу же по окончанию предыдущей. 7Р досту- 
пен по чтению. 
 
   8-11, 13, 14р - содержат системный адрес (см. РСПР). 
 
   12, 15 - не используются, читаются как лог."0". 
 
 
   Буферный регистр передатчика (БРПСР). 
 
 
 15		    8	7		     0 
------------------------------------------------ 
!		      ! Х  х  х  х  х  х  х  х ! 
------------------------------------------------ 
 
   0-7Р - разряды для передачи посылки в линию. В  0р  записы- 
вается первый бит посылки, в 7р - восьмой. Посылка поступает в 
линию по окончании записи данных в БРПСР. При соблюдении усло- 
вия формирования бита паритета	он  автоматически  следует  за 
последним битом посылки. 
 
   При чтении по адресу бпрср в 0-7р  читается	адрес  вектора 
прерывания, в 8-11, 13, 14р - читается	системный  адрес  (см. 
РСПР), а 12, 15р читается как лог."0". 
 
 
   Запрос на прерывание от приемника возникает,  если  6  и  7 
разряды рспр установлены в "1". При обработке запроса на  пре- 
рывание читается адрес	вектора  прерывания  приемника	равный 
360. 
 
 
   Запрос на прерывание от передатчика возникает если  6  и  7 
разряды рспср установлены в "1". При обработке запроса на пре- 
рывание читается адрес вектора прерывания  передатчика	равный 
364. 
 
   Приоритет запроса от приемника выше приоритета  запроса  от 
			    - 12 - 
 
			   Блок КЛС 
 
передатчика. 
 
 
   Все разряды системных регистров кроме  разрядов  8-11,  13, 
14, содержащих системный адрес и 2р рспр находятся в микросхе- 
ме К1801ВП1-065. 
 
   2Р рспр выполнен на триггере D6.2. Разряды 8-11, 13, 14 ре- 
гистров блока КЛС выполнены на наборе переключателей SA1. 
 
 
   Основным элементом блока КЛС является БИС асинхронного пос- 
ледовательного приемо-передатчика К1801ВП1-065. 
 
 
   Временные диаграммы работы  микросхемы  К1801ВП1-065  пред- 
ставлены на рис.3..8. 
 
 
   Временные диаграммы работы выходного узла передатчика пред- 
ставлены на рис.9. 
 
 
   Временные диаграммы работы входного	узла  приемника  пред- 
ставлены на рис.10. 
 
 
 
 
 
 
 
 
 
 
 
 
 
 
 
 
 
 
 
 
 
 
 
 
 
			    - 13 - 
 
			   Блок КЛС 

			  Содержание 
 
 
1. Введение.  . . . . . . . . . . . . . . . . . . . . . .  2 
 
2. Назначение.	. . . . . . . . . . . . . . . . . . . . .  2 
 
3. Основные технические характеристики. . . . . . . . . .  3 
 
4. Устройство и работа блока КЛС. . . . . . . . . . . . .  4 



 
 
 
 
 
 
 
 
 
 
 
 
 
 
 
 
 
 
 
